============================= test session starts =============================
platform win32 -- Python 3.13.5, pytest-9.1.1, pluggy-1.6.0 -- C:\Users\jfiel\AppData\Local\Programs\Python\Python313\python.exe
rootdir: C:\t\rfd3b\atlas-dashboard
configfile: pytest.ini
plugins: anyio-4.9.0, Faker-37.1.0, requests-mock-1.12.1
collecting ... collected 2 items

tests/website_generation/integration/test_pettripfinder_demo_media_determinism.py::TestDeterminism::test_repeated_real_build_identical Timeout (0:55:00)!
Thread 0x000025d0 (most recent call first):
  File "C:\t\rfd3b\atlas-dashboard\engines\website_generation\layouts\layout_engine.py", line 271 in <genexpr>
  File "C:\t\rfd3b\atlas-dashboard\engines\website_generation\layouts\layout_engine.py", line 270 in compose
  File "C:\t\rfd3b\atlas-dashboard\tests\website_generation\integration\pettripfinder_demo_chain.py", line 139 in real_chain
  File "C:\t\rfd3b\atlas-dashboard\tests\website_generation\integration\test_pettripfinder_demo_media_determinism.py", line 47 in independent_pair
  File "C:\Users\jfiel\AppData\Local\Programs\Python\Python313\Lib\site-packages\_pytest\fixtures.py", line 1005 in call_fixture_func
  File "C:\Users\jfiel\AppData\Local\Programs\Python\Python313\Lib\site-packages\_pytest\fixtures.py", line 1328 in pytest_fixture_setup
  File "C:\Users\jfiel\AppData\Local\Programs\Python\Python313\Lib\site-packages\pluggy\_callers.py", line 121 in _multicall
  File "C:\Users\jfiel\AppData\Local\Programs\Python\Python313\Lib\site-packages\pluggy\_manager.py", line 120 in _hookexec
  File "C:\Users\jfiel\AppData\Local\Programs\Python\Python313\Lib\site-packages\pluggy\_hooks.py", line 512 in __call__
  File "C:\Users\jfiel\AppData\Local\Programs\Python\Python313\Lib\site-packages\_pytest\fixtures.py", line 1232 in execute
  File "C:\Users\jfiel\AppData\Local\Programs\Python\Python313\Lib\site-packages\_pytest\fixtures.py", line 726 in _get_active_fixturedef
  File "C:\Users\jfiel\AppData\Local\Programs\Python\Python313\Lib\site-packages\_pytest\fixtures.py", line 630 in getfixturevalue
  File "C:\Users\jfiel\AppData\Local\Programs\Python\Python313\Lib\site-packages\_pytest\fixtures.py", line 806 in _fillfixtures
  File "C:\Users\jfiel\AppData\Local\Programs\Python\Python313\Lib\site-packages\_pytest\python.py", line 1710 in setup
  File "C:\Users\jfiel\AppData\Local\Programs\Python\Python313\Lib\site-packages\_pytest\runner.py", line 536 in setup
  File "C:\Users\jfiel\AppData\Local\Programs\Python\Python313\Lib\site-packages\_pytest\runner.py", line 170 in pytest_runtest_setup
  File "C:\Users\jfiel\AppData\Local\Programs\Python\Python313\Lib\site-packages\pluggy\_callers.py", line 121 in _multicall
  File "C:\Users\jfiel\AppData\Local\Programs\Python\Python313\Lib\site-packages\pluggy\_manager.py", line 120 in _hookexec
  File "C:\Users\jfiel\AppData\Local\Programs\Python\Python313\Lib\site-packages\pluggy\_hooks.py", line 512 in __call__
  File "C:\Users\jfiel\AppData\Local\Programs\Python\Python313\Lib\site-packages\_pytest\runner.py", line 250 in <lambda>
  File "C:\Users\jfiel\AppData\Local\Programs\Python\Python313\Lib\site-packages\_pytest\runner.py", line 361 in from_call
  File "C:\Users\jfiel\AppData\Local\Programs\Python\Python313\Lib\site-packages\_pytest\runner.py", line 249 in call_and_report
  File "C:\Users\jfiel\AppData\Local\Programs\Python\Python313\Lib\site-packages\_pytest\runner.py", line 132 in runtestprotocol
  File "C:\Users\jfiel\AppData\Local\Programs\Python\Python313\Lib\site-packages\_pytest\runner.py", line 118 in pytest_runtest_protocol
  File "C:\Users\jfiel\AppData\Local\Programs\Python\Python313\Lib\site-packages\pluggy\_callers.py", line 121 in _multicall
  File "C:\Users\jfiel\AppData\Local\Programs\Python\Python313\Lib\site-packages\pluggy\_manager.py", line 120 in _hookexec
  File "C:\Users\jfiel\AppData\Local\Programs\Python\Python313\Lib\site-packages\pluggy\_hooks.py", line 512 in __call__
  File "C:\Users\jfiel\AppData\Local\Programs\Python\Python313\Lib\site-packages\_pytest\main.py", line 408 in pytest_runtestloop
  File "C:\Users\jfiel\AppData\Local\Programs\Python\Python313\Lib\site-packages\pluggy\_callers.py", line 121 in _multicall
  File "C:\Users\jfiel\AppData\Local\Programs\Python\Python313\Lib\site-packages\pluggy\_manager.py", line 120 in _hookexec
  File "C:\Users\jfiel\AppData\Local\Programs\Python\Python313\Lib\site-packages\pluggy\_hooks.py", line 512 in __call__
  File "C:\Users\jfiel\AppData\Local\Programs\Python\Python313\Lib\site-packages\_pytest\main.py", line 384 in _main
  File "C:\Users\jfiel\AppData\Local\Programs\Python\Python313\Lib\site-packages\_pytest\main.py", line 330 in wrap_session
  File "C:\Users\jfiel\AppData\Local\Programs\Python\Python313\Lib\site-packages\_pytest\main.py", line 377 in pytest_cmdline_main
  File "C:\Users\jfiel\AppData\Local\Programs\Python\Python313\Lib\site-packages\pluggy\_callers.py", line 121 in _multicall
  File "C:\Users\jfiel\AppData\Local\Programs\Python\Python313\Lib\site-packages\pluggy\_manager.py", line 120 in _hookexec
  File "C:\Users\jfiel\AppData\Local\Programs\Python\Python313\Lib\site-packages\pluggy\_hooks.py", line 512 in __call__
  File "C:\Users\jfiel\AppData\Local\Programs\Python\Python313\Lib\site-packages\_pytest\config\__init__.py", line 229 in _main
  File "C:\Users\jfiel\AppData\Local\Programs\Python\Python313\Lib\site-packages\_pytest\config\__init__.py", line 253 in _console_main
  File "C:\Users\jfiel\AppData\Local\Programs\Python\Python313\Lib\site-packages\pytest\__main__.py", line 9 in <module>
  File "<frozen runpy>", line 88 in _run_code
  File "<frozen runpy>", line 198 in _run_module_as_main
